<html>
<body>
<pre>
<h1>礦ision3 Build Log</h1>
<h2>Project:</h2>
C:\给客户资料\EA0013 WIFI模块 手机WIFI控制 继电器 STM32\德飞莱开发板\SW\mcu\USER\Template.uv2
Project File Date:  09/13/2014

<h2>Output:</h2>
Build target 'Template'
linking...
Program Size: Code=6786 RO-data=378 RW-data=48 ZI-data=3952  
FromELF: creating hex file...
"..\OBJ\Template.axf" - 0 Error(s), 0 Warning(s).
Build target 'Template'
compiling led.c...
linking...
Program Size: Code=6786 RO-data=378 RW-data=48 ZI-data=3952  
FromELF: creating hex file...
"..\OBJ\Template.axf" - 0 Error(s), 0 Warning(s).
Build target 'Template'
linking...
Program Size: Code=6786 RO-data=378 RW-data=48 ZI-data=3952  
FromELF: creating hex file...
"..\OBJ\Template.axf" - 0 Error(s), 0 Warning(s).
Build target 'Template'
compiling wifi.c...
linking...
Program Size: Code=6786 RO-data=378 RW-data=48 ZI-data=3952  
FromELF: creating hex file...
"..\OBJ\Template.axf" - 0 Error(s), 0 Warning(s).
Build target 'Template'
compiling wifi.c...
linking...
Program Size: Code=6786 RO-data=378 RW-data=48 ZI-data=3952  
FromELF: creating hex file...
"..\OBJ\Template.axf" - 0 Error(s), 0 Warning(s).
Build target 'Template'
linking...
Program Size: Code=6786 RO-data=378 RW-data=48 ZI-data=3952  
FromELF: creating hex file...
"..\OBJ\Template.axf" - 0 Error(s), 0 Warning(s).
Build target 'Template'
compiling wifi.c...
compiling jdq.c...
linking...
Program Size: Code=6830 RO-data=378 RW-data=48 ZI-data=3952  
FromELF: creating hex file...
"..\OBJ\Template.axf" - 0 Error(s), 0 Warning(s).
Build target 'Template'
compiling main.c...
linking...
Program Size: Code=6830 RO-data=378 RW-data=48 ZI-data=3952  
FromELF: creating hex file...
"..\OBJ\Template.axf" - 0 Error(s), 0 Warning(s).
Build target 'Template'
compiling main.c...
main.c(20): warning:  #223-D: function "init_jdqs" declared implicitly
linking...
Program Size: Code=6954 RO-data=378 RW-data=48 ZI-data=3952  
FromELF: creating hex file...
"..\OBJ\Template.axf" - 0 Error(s), 1 Warning(s).
Build target 'Template'
compiling main.c...
linking...
Program Size: Code=6954 RO-data=378 RW-data=48 ZI-data=3952  
FromELF: creating hex file...
"..\OBJ\Template.axf" - 0 Error(s), 0 Warning(s).
Build target 'Template'
compiling main.c...
linking...
Program Size: Code=6954 RO-data=378 RW-data=48 ZI-data=3952  
FromELF: creating hex file...
"..\OBJ\Template.axf" - 0 Error(s), 0 Warning(s).
Build target 'Template'
compiling wifi.c...
wifi.c(202): warning:  #223-D: function "set_jdq_status" declared implicitly
wifi.c(207): warning:  #223-D: function "set_jdq_status" declared implicitly
linking...
..\OBJ\Template.axf: Error: L6218E: Undefined symbol set_jdq_status (referred from wifi.o).
Target not created
Build target 'Template'
compiling wifi.c...
wifi.c(203): warning:  #223-D: function "set_jdq_status" declared implicitly
wifi.c(208): warning:  #223-D: function "set_jdq_status" declared implicitly
linking...
..\OBJ\Template.axf: Error: L6218E: Undefined symbol set_jdq_status (referred from wifi.o).
Target not created
Build target 'Template'
linking...
..\OBJ\Template.axf: Error: L6218E: Undefined symbol set_jdq_status (referred from wifi.o).
Target not created
Build target 'Template'
compiling wifi.c...
linking...
Program Size: Code=6986 RO-data=378 RW-data=48 ZI-data=3952  
FromELF: creating hex file...
"..\OBJ\Template.axf" - 0 Error(s), 0 Warning(s).
Build target 'Template'
linking...
Program Size: Code=6986 RO-data=378 RW-data=48 ZI-data=3952  
FromELF: creating hex file...
"..\OBJ\Template.axf" - 0 Error(s), 0 Warning(s).
Build target 'Template'
linking...
Program Size: Code=6986 RO-data=378 RW-data=48 ZI-data=3952  
FromELF: creating hex file...
"..\OBJ\Template.axf" - 0 Error(s), 0 Warning(s).
Build target 'Template'
linking...
Program Size: Code=6986 RO-data=378 RW-data=48 ZI-data=3952  
FromELF: creating hex file...
"..\OBJ\Template.axf" - 0 Error(s), 0 Warning(s).
Build target 'Template'
compiling wifi.c...
linking...
Program Size: Code=6986 RO-data=378 RW-data=48 ZI-data=3952  
FromELF: creating hex file...
"..\OBJ\Template.axf" - 0 Error(s), 0 Warning(s).
Build target 'Template'
linking...
Program Size: Code=6986 RO-data=378 RW-data=48 ZI-data=3952  
FromELF: creating hex file...
"..\OBJ\Template.axf" - 0 Error(s), 0 Warning(s).
Build target 'Template'
linking...
Program Size: Code=6986 RO-data=378 RW-data=48 ZI-data=3952  
FromELF: creating hex file...
"..\OBJ\Template.axf" - 0 Error(s), 0 Warning(s).
Build target 'Template'
linking...
Program Size: Code=6986 RO-data=378 RW-data=48 ZI-data=3952  
FromELF: creating hex file...
"..\OBJ\Template.axf" - 0 Error(s), 0 Warning(s).
